// Jest Snapshot v1, https://goo.gl/fbAQLP

exports[`TransactionListComponent should create 1`] = `
<app-txn-list-page
  store$={[Function MockStore]}
  txnData$={[Function Store]}
>
  <h3
    class="text-center"
  >
    Transaction List Page
  </h3><div
    class="d-flex justify-content-center"
  >
    <button>
      Transaction list
    </button>
    <button>
      Create Transaction
    </button>
  </div><div
    class="d-flex justify-content-center"
  >
    <button
      id="generateDataBtn"
    >
      Generate Data
    </button>
  </div><app-txn-list-table />
</app-txn-list-page>
`;

exports[`TransactionListComponent should match snapshot 1`] = `
<app-txn-list-page
  store$={[Function MockStore]}
  txnData$={[Function Store]}
>
  <h3
    class="text-center"
  >
    Transaction List Page
  </h3><div
    class="d-flex justify-content-center"
  >
    <button>
      Transaction list
    </button>
    <button>
      Create Transaction
    </button>
  </div><div
    class="d-flex justify-content-center"
  >
    <button
      id="generateDataBtn"
    >
      Generate Data
    </button>
  </div><app-txn-list-table />
</app-txn-list-page>
`;
