// Jest Snapshot v1, https://goo.gl/fbAQLP

exports[`Txn List Page Reducer load txn list should get all txn data 1`] = `
Object {
  "entities": Object {
    "0000000059": Object {
      "ACTIVEFLAG": "N",
      "AP_BOOKING": "EBAP-HLO999",
      "EXECUTINGFLAG": "N",
      "ISDBLOGFLAG": "N",
      "SHIFTPAGE": "1",
      "STARTTIME": "20200415 000000",
      "TRANSACTIONID": "0000000059",
      "TRANSACTIONNAME": "OVT_InvAdjusmentReport",
    },
    "0000000060": Object {
      "ACTIVEFLAG": "N",
      "AP_BOOKING": "EBAP-HLO999",
      "EXECUTINGFLAG": "N",
      "ISDBLOGFLAG": "N",
      "SHIFTPAGE": "1",
      "STARTTIME": "20200415 000000",
      "TRANSACTIONID": "0000000060",
      "TRANSACTIONNAME": "OVT_InvAdjReport_Export_Mail",
    },
    "0000000061": Object {
      "ACTIVEFLAG": "N",
      "AP_BOOKING": "EBAP-HLO999",
      "EXECUTINGFLAG": "N",
      "ISDBLOGFLAG": "N",
      "SHIFTPAGE": "1",
      "STARTTIME": "20190814 092000",
      "TRANSACTIONID": "0000000061",
      "TRANSACTIONNAME": "A73A_ForPortalCPHoldDisposition",
      "TRANSACTION_TYPE": "1",
    },
  },
  "ids": Array [
    "0000000061",
    "0000000060",
    "0000000059",
  ],
  "latestId": null,
  "loaded": true,
  "loading": false,
}
`;

exports[`Txn List Page Reducer unknown action should return the previous state 1`] = `
Object {
  "entities": Object {},
  "ids": Array [],
  "latestId": null,
  "loaded": false,
  "loading": false,
}
`;
