// Jest Snapshot v1, https://goo.gl/fbAQLP

exports[`Txn Selectors create txn page selectors should get create page state 1`] = `
Object {
  "error": "this is a error",
  "loading": true,
}
`;

exports[`Txn Selectors txn list page selectors should get list page state 1`] = `
Object {
  "entities": Object {
    "1": Object {
      "content": "test case 1",
      "createTime": 2021-08-23T16:00:00.000Z,
      "executeCount": 10,
      "id": "1",
      "title": "Kevin",
    },
    "2": Object {
      "content": "do something tonight...",
      "createTime": 2021-08-24T16:00:00.000Z,
      "executeCount": 4,
      "id": "2",
      "title": "Jack",
    },
    "3": Object {
      "content": "send email to everybody",
      "createTime": 2021-08-25T16:00:00.000Z,
      "executeCount": 1,
      "id": "3",
      "title": "Eric",
    },
  },
  "ids": Array [
    "1",
    "2",
    "3",
  ],
  "latestId": "1",
  "loaded": true,
  "loading": true,
}
`;
